Godot Engine v4.5.1.stable.official.f62fdbde1 - https://godotengine.org

ERROR: Can't load the script "res://scripts/tests/test_grid_manager.gd" as it doesn't inherit from SceneTree or MainLoop.
   at: start (main/main.cpp:4181)
